This is pdfTeX, Version 3.141592653-2.6-1.40.29 (TeX Live 2026) (preloaded format=pdflatex 2026.4.20)  23 MAY 2026 08:13
entering extended mode
 restricted \write18 enabled.
 file:line:error style messages enabled.
 %&-line parsing enabled.
**c:/Users/Hamza/OneDrive/Bureau/PFE/report/main.tex
(c:/Users/Hamza/OneDrive/Bureau/PFE/report/main.tex
LaTeX2e <2025-11-01>
L3 programming layer <2026-03-20>
(c:/texlive/2026/texmf-dist/tex/latex/base/report.cls
Document Class: report 2025/01/22 v1.4n Standard LaTeX document class
(c:/texlive/2026/texmf-dist/tex/latex/base/size12.clo
File: size12.clo 2025/01/22 v1.4n Standard LaTeX file (size option)
)
\c@part=\count275
\c@chapter=\count276
\c@section=\count277
\c@subsection=\count278
\c@subsubsection=\count279
\c@paragraph=\count280
\c@subparagraph=\count281
\c@figure=\count282
\c@table=\count283
\abovecaptionskip=\skip49
\belowcaptionskip=\skip50
\bibindent=\dimen150
) (c:/texlive/2026/texmf-dist/tex/latex/base/inputenc.sty
Package: inputenc 2024/02/08 v1.3d Input encoding file
\inpenc@prehook=\toks17
\inpenc@posthook=\toks18
) (c:/texlive/2026/texmf-dist/tex/generic/babel/babel.sty
Package: babel 2026/04/15 v26.6 The multilingual framework for LuaLaTeX, pdfLaTeX and XeLaTeX
\babel@savecnt=\count284
LaTeX Encoding Info:    Redeclaring text command \ij (encoding OT1) on input line 2078.
LaTeX Encoding Info:    Redeclaring text command \IJ (encoding OT1) on input line 2080.
LaTeX Encoding Info:    Redeclaring text command \ij (encoding T1) on input line 2082.
LaTeX Encoding Info:    Redeclaring text command \IJ (encoding T1) on input line 2083.
LaTeX Encoding Info:    Ignoring declaration for text command \ij (encoding ?) on input line 2084.
LaTeX Encoding Info:    Ignoring declaration for text command \IJ (encoding ?) on input line 2086.
LaTeX Encoding Info:    Ignoring declaration for text command \SS (encoding ?) on input line 2111.
\U@D=\dimen151
\l@unhyphenated=\language91
 (c:/texlive/2026/texmf-dist/tex/generic/babel/txtbabel.def)
\bbl@readstream=\read2
\bbl@dirlevel=\count285
 (c:/texlive/2026/texmf-dist/tex/generic/babel/locale/en/babel-english.tex)
Package babel Info: Importing font and identification data for english
(babel)             from babel-en.ini. Reported on input line 4330.
 (c:/texlive/2026/texmf-dist/tex/generic/babel-english/english.ldf
Language: english 2017/06/06 v3.3r English support from the babel system
Package babel Info: Hyphen rules for 'canadian' set to \l@english
(babel)             (\language0). Reported on input line 102.
Package babel Info: Hyphen rules for 'australian' set to \l@ukenglish
(babel)             (\language22). Reported on input line 105.
Package babel Info: Hyphen rules for 'newzealand' set to \l@ukenglish
(babel)             (\language22). Reported on input line 108.
)) (c:/texlive/2026/texmf-dist/tex/latex/graphics/graphicx.sty
Package: graphicx 2024/12/31 v1.2e Enhanced LaTeX Graphics (DPC,SPQR)
 (c:/texlive/2026/texmf-dist/tex/latex/graphics/keyval.sty
Package: keyval 2022/05/29 v1.15 key=value parser (DPC)
\KV@toks@=\toks19
) (c:/texlive/2026/texmf-dist/tex/latex/graphics/graphics.sty
Package: graphics 2024/08/06 v1.4g Standard LaTeX Graphics (DPC,SPQR)
 (c:/texlive/2026/texmf-dist/tex/latex/graphics/trig.sty
Package: trig 2023/12/02 v1.11 sin cos tan (DPC)
) (c:/texlive/2026/texmf-dist/tex/latex/graphics-cfg/graphics.cfg
File: graphics.cfg 2016/06/04 v1.11 sample graphics configuration
)
Package graphics Info: Driver file: pdftex.def on input line 106.
 (c:/texlive/2026/texmf-dist/tex/latex/graphics-def/pdftex.def
File: pdftex.def 2025/09/29 v1.2d Graphics/color driver for pdftex
))
\Gin@req@height=\dimen152
\Gin@req@width=\dimen153
) (c:/texlive/2026/texmf-dist/tex/latex/geometry/geometry.sty
Package: geometry 2026/03/07 v6.0 Page Geometry
 (c:/texlive/2026/texmf-dist/tex/generic/iftex/ifvtex.sty
Package: ifvtex 2019/10/25 v1.7 ifvtex legacy package. Use iftex instead.
 (c:/texlive/2026/texmf-dist/tex/generic/iftex/iftex.sty
Package: iftex 2024/12/12 v1.0g TeX engine tests
))
\Gm@cnth=\count286
\Gm@cntv=\count287
\c@Gm@tempcnt=\count288
\Gm@bindingoffset=\dimen154
\Gm@wd@mp=\dimen155
\Gm@odd@mp=\dimen156
\Gm@even@mp=\dimen157
\Gm@layoutwidth=\dimen158
\Gm@layoutheight=\dimen159
\Gm@layouthoffset=\dimen160
\Gm@layoutvoffset=\dimen161
\Gm@dimlist=\toks20
) (c:/texlive/2026/texmf-dist/tex/latex/fancyhdr/fancyhdr.sty
Package: fancyhdr 2025/02/07 v5.2 Extensive control of page headers and footers
\f@nch@headwidth=\skip51
\f@nch@offset@elh=\skip52
\f@nch@offset@erh=\skip53
\f@nch@offset@olh=\skip54
\f@nch@offset@orh=\skip55
\f@nch@offset@elf=\skip56
\f@nch@offset@erf=\skip57
\f@nch@offset@olf=\skip58
\f@nch@offset@orf=\skip59
\f@nch@height=\skip60
\f@nch@footalignment=\skip61
\f@nch@widthL=\skip62
\f@nch@widthC=\skip63
\f@nch@widthR=\skip64
\@temptokenb=\toks21
) (c:/texlive/2026/texmf-dist/tex/latex/titlesec/titlesec.sty
Package: titlesec 2025/01/04 v2.17 Sectioning titles
\ttl@box=\box53
\beforetitleunit=\skip65
\aftertitleunit=\skip66
\ttl@plus=\dimen162
\ttl@minus=\dimen163
\ttl@toksa=\toks22
\titlewidth=\dimen164
\titlewidthlast=\dimen165
\titlewidthfirst=\dimen166
) (c:/texlive/2026/texmf-dist/tex/latex/setspace/setspace.sty
Package: setspace 2022/12/04 v6.7b set line spacing
) (c:/texlive/2026/texmf-dist/tex/latex/hyperref/hyperref.sty
Package: hyperref 2026-01-29 v7.01p Hypertext links for LaTeX
 (c:/texlive/2026/texmf-dist/tex/latex/kvsetkeys/kvsetkeys.sty
Package: kvsetkeys 2022-10-05 v1.19 Key value parser (HO)
) (c:/texlive/2026/texmf-dist/tex/generic/kvdefinekeys/kvdefinekeys.sty
Package: kvdefinekeys 2019-12-19 v1.6 Define keys (HO)
) (c:/texlive/2026/texmf-dist/tex/generic/pdfescape/pdfescape.sty
Package: pdfescape 2019/12/09 v1.15 Implements pdfTeX's escape features (HO)
 (c:/texlive/2026/texmf-dist/tex/generic/ltxcmds/ltxcmds.sty
Package: ltxcmds 2023-12-04 v1.26 LaTeX kernel commands for general use (HO)
) (c:/texlive/2026/texmf-dist/tex/generic/pdftexcmds/pdftexcmds.sty
Package: pdftexcmds 2020-06-27 v0.33 Utility functions of pdfTeX for LuaTeX (HO)
 (c:/texlive/2026/texmf-dist/tex/generic/infwarerr/infwarerr.sty
Package: infwarerr 2019/12/03 v1.5 Providing info/warning/error messages (HO)
)
Package pdftexcmds Info: \pdf@primitive is available.
Package pdftexcmds Info: \pdf@ifprimitive is available.
Package pdftexcmds Info: \pdfdraftmode found.
)) (c:/texlive/2026/texmf-dist/tex/latex/hycolor/hycolor.sty
Package: hycolor 2020-01-27 v1.10 Color options for hyperref/bookmark (HO)
) (c:/texlive/2026/texmf-dist/tex/latex/hyperref/nameref.sty
Package: nameref 2026-01-29 v2.58 Cross-referencing by name of section
 (c:/texlive/2026/texmf-dist/tex/latex/refcount/refcount.sty
Package: refcount 2019/12/15 v3.6 Data extraction from label references (HO)
) (c:/texlive/2026/texmf-dist/tex/generic/gettitlestring/gettitlestring.sty
Package: gettitlestring 2019/12/15 v1.6 Cleanup title references (HO)
 (c:/texlive/2026/texmf-dist/tex/latex/kvoptions/kvoptions.sty
Package: kvoptions 2022-06-15 v3.15 Key value format for package options (HO)
))
\c@section@level=\count289
) (c:/texlive/2026/texmf-dist/tex/latex/etoolbox/etoolbox.sty
Package: etoolbox 2025/10/02 v2.5m e-TeX tools for LaTeX (JAW)
\etb@tempcnta=\count290
) (c:/texlive/2026/texmf-dist/tex/generic/stringenc/stringenc.sty
Package: stringenc 2019/11/29 v1.12 Convert strings between diff. encodings (HO)
)
\@linkdim=\dimen167
\Hy@linkcounter=\count291
\Hy@pagecounter=\count292
 (c:/texlive/2026/texmf-dist/tex/latex/hyperref/pd1enc.def
File: pd1enc.def 2026-01-29 v7.01p Hyperref: PDFDocEncoding definition (HO)
Now handling font encoding PD1 ...
... no UTF-8 mapping file for font encoding PD1
) (c:/texlive/2026/texmf-dist/tex/generic/intcalc/intcalc.sty
Package: intcalc 2019/12/15 v1.3 Expandable calculations with integers (HO)
)
\Hy@SavedSpaceFactor=\count293
 (c:/texlive/2026/texmf-dist/tex/latex/hyperref/puenc.def
File: puenc.def 2026-01-29 v7.01p Hyperref: PDF Unicode definition (HO)
Now handling font encoding PU ...
... no UTF-8 mapping file for font encoding PU
)
Package hyperref Info: Hyper figures OFF on input line 4201.
Package hyperref Info: Link nesting OFF on input line 4206.
Package hyperref Info: Hyper index ON on input line 4209.
Package hyperref Info: Plain pages OFF on input line 4216.
Package hyperref Info: Backreferencing OFF on input line 4221.
Package hyperref Info: Implicit mode ON; LaTeX internals redefined.
Package hyperref Info: Bookmarks ON on input line 4468.
\c@Hy@tempcnt=\count294
 (c:/texlive/2026/texmf-dist/tex/latex/url/url.sty
\Urlmuskip=\muskip17
Package: url 2013/09/16  ver 3.4  Verb mode for urls, etc.
)
LaTeX Info: Redefining \url on input line 4807.
\XeTeXLinkMargin=\dimen168
 (c:/texlive/2026/texmf-dist/tex/generic/bitset/bitset.sty
Package: bitset 2019/12/09 v1.3 Handle bit-vector datatype (HO)
 (c:/texlive/2026/texmf-dist/tex/generic/bigintcalc/bigintcalc.sty
Package: bigintcalc 2019/12/15 v1.5 Expandable calculations on big integers (HO)
))
\Fld@menulength=\count295
\Field@Width=\dimen169
\Fld@charsize=\dimen170
Package hyperref Info: Hyper figures OFF on input line 6084.
Package hyperref Info: Link nesting OFF on input line 6089.
Package hyperref Info: Hyper index ON on input line 6092.
Package hyperref Info: backreferencing OFF on input line 6099.
Package hyperref Info: Link coloring OFF on input line 6104.
Package hyperref Info: Link coloring with OCG OFF on input line 6109.
Package hyperref Info: PDF/A mode OFF on input line 6114.
\Hy@abspage=\count296
\c@Item=\count297
\c@Hfootnote=\count298
)
Package hyperref Info: Driver (autodetected): hpdftex.
 (c:/texlive/2026/texmf-dist/tex/latex/hyperref/hpdftex.def
File: hpdftex.def 2026-01-29 v7.01p Hyperref driver for pdfTeX
\Fld@listcount=\count299
\c@bookmark@seq@number=\count300
 (c:/texlive/2026/texmf-dist/tex/latex/rerunfilecheck/rerunfilecheck.sty
Package: rerunfilecheck 2025-06-21 v1.11 Rerun checks for auxiliary files (HO)
 (c:/texlive/2026/texmf-dist/tex/generic/uniquecounter/uniquecounter.sty
Package: uniquecounter 2019/12/15 v1.4 Provide unlimited unique counter (HO)
)
Package uniquecounter Info: New unique counter `rerunfilecheck' on input line 284.
)
\Hy@SectionHShift=\skip67
) (c:/texlive/2026/texmf-dist/tex/latex/graphics/color.sty
Package: color 2025/01/14 v1.3e Standard LaTeX Color (DPC)
 (c:/texlive/2026/texmf-dist/tex/latex/graphics-cfg/color.cfg
File: color.cfg 2016/01/02 v1.6 sample color configuration
)
Package color Info: Driver file: pdftex.def on input line 149.
 (c:/texlive/2026/texmf-dist/tex/latex/graphics/mathcolor.ltx)) (c:/texlive/2026/texmf-dist/tex/latex/listings/listings.sty
\lst@mode=\count301
\lst@gtempboxa=\box54
\lst@token=\toks23
\lst@length=\count302
\lst@currlwidth=\dimen171
\lst@column=\count303
\lst@pos=\count304
\lst@lostspace=\dimen172
\lst@width=\dimen173
\lst@newlines=\count305
\lst@lineno=\count306
\lst@maxwidth=\dimen174
 (c:/texlive/2026/texmf-dist/tex/latex/listings/lstpatch.sty
File: lstpatch.sty 2025/11/14 1.11b (Carsten Heinz)
) (c:/texlive/2026/texmf-dist/tex/latex/listings/lstmisc.sty
File: lstmisc.sty 2025/11/14 1.11b (Carsten Heinz)
\c@lstnumber=\count307
\lst@skipnumbers=\count308
\lst@framebox=\box55
) (c:/texlive/2026/texmf-dist/tex/latex/listings/listings.cfg
File: listings.cfg 2025/11/14 1.11b listings configuration
))
Package: listings 2025/11/14 1.11b (Carsten Heinz)

==> First Aid for listings.sty no longer applied!
    Expected:
        2024/09/23 1.10c (Carsten Heinz)
    but found:
        2025/11/14 1.11b (Carsten Heinz)
    so I'm assuming it got fixed.
(c:/texlive/2026/texmf-dist/tex/latex/xcolor/xcolor.sty
Package: xcolor 2024/09/29 v3.02 LaTeX color extensions (UK)
 (c:/texlive/2026/texmf-dist/tex/latex/graphics-cfg/color.cfg
File: color.cfg 2016/01/02 v1.6 sample color configuration
)
Package xcolor Info: Driver file: pdftex.def on input line 274.
LaTeX Info: Redefining \color on input line 762.
 (c:/texlive/2026/texmf-dist/tex/latex/graphics/mathcolor.ltx)
Package xcolor Info: Model `cmy' substituted by `cmy0' on input line 1349.
Package xcolor Info: Model `hsb' substituted by `rgb' on input line 1353.
Package xcolor Info: Model `RGB' extended on input line 1365.
Package xcolor Info: Model `HTML' substituted by `rgb' on input line 1367.
Package xcolor Info: Model `Hsb' substituted by `hsb' on input line 1368.
Package xcolor Info: Model `tHsb' substituted by `hsb' on input line 1369.
Package xcolor Info: Model `HSB' substituted by `hsb' on input line 1370.
Package xcolor Info: Model `Gray' substituted by `gray' on input line 1371.
Package xcolor Info: Model `wave' substituted by `hsb' on input line 1372.
) (c:/texlive/2026/texmf-dist/tex/latex/tocloft/tocloft.sty
Package: tocloft 2017/08/31 v2.3i parameterised ToC, etc., typesetting
Package tocloft Info: The document has chapter divisions on input line 51.
\cftparskip=\skip68
\cftbeforetoctitleskip=\skip69
\cftaftertoctitleskip=\skip70
\cftbeforepartskip=\skip71
\cftpartnumwidth=\skip72
\cftpartindent=\skip73
\cftbeforechapskip=\skip74
\cftchapindent=\skip75
\cftchapnumwidth=\skip76
\cftbeforesecskip=\skip77
\cftsecindent=\skip78
\cftsecnumwidth=\skip79
\cftbeforesubsecskip=\skip80
\cftsubsecindent=\skip81
\cftsubsecnumwidth=\skip82
\cftbeforesubsubsecskip=\skip83
\cftsubsubsecindent=\skip84
\cftsubsubsecnumwidth=\skip85
\cftbeforeparaskip=\skip86
\cftparaindent=\skip87
\cftparanumwidth=\skip88
\cftbeforesubparaskip=\skip89
\cftsubparaindent=\skip90
\cftsubparanumwidth=\skip91
\cftbeforeloftitleskip=\skip92
\cftafterloftitleskip=\skip93
\cftbeforefigskip=\skip94
\cftfigindent=\skip95
\cftfignumwidth=\skip96
\c@lofdepth=\count309
\c@lotdepth=\count310
\cftbeforelottitleskip=\skip97
\cftafterlottitleskip=\skip98
\cftbeforetabskip=\skip99
\cfttabindent=\skip100
\cfttabnumwidth=\skip101
) (c:/texlive/2026/texmf-dist/tex/latex/caption/caption.sty
Package: caption 2023/08/05 v3.6o Customizing captions (AR)
 (c:/texlive/2026/texmf-dist/tex/latex/caption/caption3.sty
Package: caption3 2023/07/31 v2.4d caption3 kernel (AR)
\caption@tempdima=\dimen175
\captionmargin=\dimen176
\caption@leftmargin=\dimen177
\caption@rightmargin=\dimen178
\caption@width=\dimen179
\caption@indent=\dimen180
\caption@parindent=\dimen181
\caption@hangindent=\dimen182
Package caption Info: Standard document class detected.
)
\c@caption@flags=\count311
\c@continuedfloat=\count312
Package caption Info: hyperref package is loaded.
Package caption Info: listings package is loaded.
) (c:/texlive/2026/texmf-dist/tex/latex/caption/subcaption.sty
Package: subcaption 2023/07/28 v1.6b Sub-captions (AR)
Package caption Info: New subtype `subfigure' on input line 238.
\c@subfigure=\count313
Package caption Info: New subtype `subtable' on input line 238.
\c@subtable=\count314
) (c:/texlive/2026/texmf-dist/tex/latex/tools/tabularx.sty
Package: tabularx 2023/12/11 v2.12a `tabularx' package (DPC)
 (c:/texlive/2026/texmf-dist/tex/latex/tools/array.sty
Package: array 2025/09/25 v2.6n Tabular extension package (FMi)
\col@sep=\dimen183
\ar@mcellbox=\box56
\extrarowheight=\dimen184
\NC@list=\toks24
\extratabsurround=\skip102
\backup@length=\skip103
\ar@cellbox=\box57
)
\TX@col@width=\dimen185
\TX@old@table=\dimen186
\TX@old@col=\dimen187
\TX@target=\dimen188
\TX@delta=\dimen189
\TX@cols=\count315
\TX@ftn=\toks25
) (c:/texlive/2026/texmf-dist/tex/latex/tools/longtable.sty
Package: longtable 2025-10-13 v4.24 Multi-page Table package (DPC)
\LTleft=\skip104
\LTright=\skip105
\LTpre=\skip106
\LTpost=\skip107
\LTchunksize=\count316
\LTcapwidth=\dimen190
\LT@head=\box58
\LT@firsthead=\box59
\LT@foot=\box60
\LT@lastfoot=\box61
\LT@gbox=\box62
\LT@cols=\count317
\LT@rows=\count318
\c@LT@tables=\count319
\c@LT@chunks=\count320
\LT@p@ftn=\toks26
) (c:/texlive/2026/texmf-dist/tex/latex/multirow/multirow.sty
Package: multirow 2024/11/12 v2.9 Span multiple rows of a table
\multirow@colwidth=\skip108
\multirow@cntb=\count321
\multirow@dima=\skip109
\bigstrutjot=\dimen191
) (c:/texlive/2026/texmf-dist/tex/latex/booktabs/booktabs.sty
Package: booktabs 2020/01/12 v1.61803398 Publication quality tables
\heavyrulewidth=\dimen192
\lightrulewidth=\dimen193
\cmidrulewidth=\dimen194
\belowrulesep=\dimen195
\belowbottomsep=\dimen196
\aboverulesep=\dimen197
\abovetopsep=\dimen198
\cmidrulesep=\dimen199
\cmidrulekern=\dimen256
\defaultaddspace=\dimen257
\@cmidla=\count322
\@cmidlb=\count323
\@aboverulesep=\dimen258
\@belowrulesep=\dimen259
\@thisruleclass=\count324
\@lastruleclass=\count325
\@thisrulewidth=\dimen260
) (c:/texlive/2026/texmf-dist/tex/latex/enumitem/enumitem.sty
Package: enumitem 2025/02/06 v3.11 Customized lists
\labelindent=\skip110
\enit@outerparindent=\dimen261
\enit@toks=\toks27
\enit@inbox=\box63
\enit@count@id=\count326
\enitdp@description=\count327
) (c:/texlive/2026/texmf-dist/tex/latex/amsmath/amsmath.sty
Package: amsmath 2025/07/09 v2.17z AMS math features
\@mathmargin=\skip111

For additional information on amsmath, use the `?' option.
(c:/texlive/2026/texmf-dist/tex/latex/amsmath/amstext.sty
Package: amstext 2024/11/17 v2.01 AMS text
 (c:/texlive/2026/texmf-dist/tex/latex/amsmath/amsgen.sty
File: amsgen.sty 1999/11/30 v2.0 generic functions
\@emptytoks=\toks28
\ex@=\dimen262
)) (c:/texlive/2026/texmf-dist/tex/latex/amsmath/amsbsy.sty
Package: amsbsy 1999/11/29 v1.2d Bold Symbols
\pmbraise@=\dimen263
) (c:/texlive/2026/texmf-dist/tex/latex/amsmath/amsopn.sty
Package: amsopn 2022/04/08 v2.04 operator names
)
\inf@bad=\count328
LaTeX Info: Redefining \frac on input line 233.
\uproot@=\count329
\leftroot@=\count330
LaTeX Info: Redefining \overline on input line 398.
LaTeX Info: Redefining \colon on input line 409.
\classnum@=\count331
\DOTSCASE@=\count332
LaTeX Info: Redefining \ldots on input line 495.
LaTeX Info: Redefining \dots on input line 498.
LaTeX Info: Redefining \cdots on input line 619.
\Mathstrutbox@=\box64
\strutbox@=\box65
LaTeX Info: Redefining \big on input line 721.
LaTeX Info: Redefining \Big on input line 722.
LaTeX Info: Redefining \bigg on input line 723.
LaTeX Info: Redefining \Bigg on input line 724.
\big@size=\dimen264
LaTeX Font Info:    Redeclaring font encoding OML on input line 742.
LaTeX Font Info:    Redeclaring font encoding OMS on input line 743.
\macc@depth=\count333
LaTeX Info: Redefining \bmod on input line 904.
LaTeX Info: Redefining \pmod on input line 909.
LaTeX Info: Redefining \smash on input line 939.
LaTeX Info: Redefining \relbar on input line 969.
LaTeX Info: Redefining \Relbar on input line 970.
\c@MaxMatrixCols=\count334
\dotsspace@=\muskip18
\c@parentequation=\count335
\dspbrk@lvl=\count336
\tag@help=\toks29
\row@=\count337
\column@=\count338
\maxfields@=\count339
\andhelp@=\toks30
\eqnshift@=\dimen265
\alignsep@=\dimen266
\tagshift@=\dimen267
\tagwidth@=\dimen268
\totwidth@=\dimen269
\lineht@=\dimen270
\@envbody=\toks31
\multlinegap=\skip112
\multlinetaggap=\skip113
\mathdisplay@stack=\toks32
LaTeX Info: Redefining \[ on input line 2950.
LaTeX Info: Redefining \] on input line 2951.
) (c:/texlive/2026/texmf-dist/tex/latex/amsfonts/amssymb.sty
Package: amssymb 2013/01/14 v3.01 AMS font symbols
 (c:/texlive/2026/texmf-dist/tex/latex/amsfonts/amsfonts.sty
Package: amsfonts 2013/01/14 v3.01 Basic AMSFonts support
\symAMSa=\mathgroup4
\symAMSb=\mathgroup5
LaTeX Font Info:    Redeclaring math symbol \hbar on input line 98.
LaTeX Font Info:    Overwriting math alphabet `\mathfrak' in version `bold'
(Font)                  U/euf/m/n --> U/euf/b/n on input line 106.
)) (c:/texlive/2026/texmf-dist/tex/latex/float/float.sty
Package: float 2001/11/08 v1.3d Float enhancements (AL)
\c@float@type=\count340
\float@exts=\toks33
\float@box=\box66
\@float@everytoks=\toks34
\@floatcapt=\box67
) (c:/texlive/2026/texmf-dist/tex/latex/graphics/rotating.sty
Package: rotating 2025/01/14 v2.16e rotated objects in LaTeX
 (c:/texlive/2026/texmf-dist/tex/latex/base/ifthen.sty
Package: ifthen 2024/03/16 v1.1e Standard LaTeX ifthen package (DPC)
)
\c@r@tfl@t=\count341
\rotFPtop=\skip114
\rotFPbot=\skip115
\rot@float@box=\box68
\rot@mess@toks=\toks35
)
Package hyperref Info: Option `colorlinks' set `true' on input line 59.
 (c:/texlive/2026/texmf-dist/tex/latex/l3backend/l3backend-pdftex.def
File: l3backend-pdftex.def 2026-02-18 L3 backend support: PDF output (pdfTeX)
\l__color_backend_stack_int=\count342
) (./main.aux)
\openout1 = `main.aux'.

LaTeX Font Info:    Checking defaults for OML/cmm/m/it on input line 87.
LaTeX Font Info:    ... okay on input line 87.
LaTeX Font Info:    Checking defaults for OMS/cmsy/m/n on input line 87.
LaTeX Font Info:    ... okay on input line 87.
LaTeX Font Info:    Checking defaults for OT1/cmr/m/n on input line 87.
LaTeX Font Info:    ... okay on input line 87.
LaTeX Font Info:    Checking defaults for T1/cmr/m/n on input line 87.
LaTeX Font Info:    ... okay on input line 87.
LaTeX Font Info:    Checking defaults for TS1/cmr/m/n on input line 87.
LaTeX Font Info:    ... okay on input line 87.
LaTeX Font Info:    Checking defaults for OMX/cmex/m/n on input line 87.
LaTeX Font Info:    ... okay on input line 87.
LaTeX Font Info:    Checking defaults for U/cmr/m/n on input line 87.
LaTeX Font Info:    ... okay on input line 87.
LaTeX Font Info:    Checking defaults for PD1/pdf/m/n on input line 87.
LaTeX Font Info:    ... okay on input line 87.
LaTeX Font Info:    Checking defaults for PU/pdf/m/n on input line 87.
LaTeX Font Info:    ... okay on input line 87.
 (c:/texlive/2026/texmf-dist/tex/context/base/mkii/supp-pdf.mkii
[Loading MPS to PDF converter (version 2006.09.02).]
\scratchcounter=\count343
\scratchdimen=\dimen271
\scratchbox=\box69
\nofMPsegments=\count344
\nofMParguments=\count345
\everyMPshowfont=\toks36
\MPscratchCnt=\count346
\MPscratchDim=\dimen272
\MPnumerator=\count347
\makeMPintoPDFobject=\count348
\everyMPtoPDFconversion=\toks37
) (c:/texlive/2026/texmf-dist/tex/latex/epstopdf-pkg/epstopdf-base.sty
Package: epstopdf-base 2020-01-24 v2.11 Base part for package epstopdf
Package epstopdf-base Info: Redefining graphics rule for `.eps' on input line 485.
 (c:/texlive/2026/texmf-dist/tex/latex/latexconfig/epstopdf-sys.cfg
File: epstopdf-sys.cfg 2010/07/13 v1.3 Configuration of (r)epstopdf for TeX Live
))
*geometry* driver: auto-detecting
*geometry* detected driver: pdftex
*geometry* verbose mode - [ preamble ] result:
* driver: pdftex
* paper: a4paper
* layout: <same size as paper>
* layoutoffset:(h,v)=(0.0pt,0.0pt)
* modes: 
* h-part:(L,W,R)=(85.35826pt, 441.01773pt, 71.13188pt)
* v-part:(T,H,B)=(71.13188pt, 702.78308pt, 71.13188pt)
* \paperwidth=597.50787pt
* \paperheight=845.04684pt
* \textwidth=441.01773pt
* \textheight=702.78308pt
* \oddsidemargin=13.08827pt
* \evensidemargin=13.08827pt
* \topmargin=-38.1381pt
* \headheight=12.0pt
* \headsep=25.0pt
* \topskip=12.0pt
* \footskip=30.0pt
* \marginparwidth=35.0pt
* \marginparsep=10.0pt
* \columnsep=10.0pt
* \skip\footins=10.8pt plus 4.0pt minus 2.0pt
* \hoffset=0.0pt
* \voffset=0.0pt
* \mag=1000
* \@twocolumnfalse
* \@twosidefalse
* \@mparswitchfalse
* \@reversemarginfalse
* (1in=72.27pt=25.4mm, 1cm=28.453pt)

Package hyperref Info: Link coloring ON on input line 87.
(./main.out) (./main.out)
\@outlinefile=\write3
\openout3 = `main.out'.

\c@lstlisting=\count349
Package caption Info: Begin \AtBeginDocument code.
Package caption Info: float package is loaded.
Package caption Info: longtable package is loaded.
 (c:/texlive/2026/texmf-dist/tex/latex/caption/ltcaption.sty
Package: ltcaption 2021/01/08 v1.4c longtable captions (AR)
)
Package caption Info: rotating package is loaded.
Package caption Info: End \AtBeginDocument code.
 (./chapters/00-titlepage.tex
LaTeX Font Info:    Trying to load font information for U+msa on input line 13.
 (c:/texlive/2026/texmf-dist/tex/latex/amsfonts/umsa.fd
File: umsa.fd 2013/01/14 v3.01 AMS symbols A
)
LaTeX Font Info:    Trying to load font information for U+msb on input line 13.
 (c:/texlive/2026/texmf-dist/tex/latex/amsfonts/umsb.fd
File: umsb.fd 2013/01/14 v3.01 AMS symbols B
)
<Logo FSM.png, id=301, 803.0pt x 803.0pt>
File: Logo FSM.png Graphic file (type png)
<use Logo FSM.png>
Package pdftex.def Info: Logo FSM.png  used on input line 16.
(pdftex.def)             Requested size: 85.35826pt x 85.35284pt.
 [1

{c:/texlive/2026/texmf-var/fonts/map/pdftex/updmap/pdftex.map}{c:/texlive/2026/texmf-dist/fonts/enc/dvips/cm-super/cm-super-ts1.enc} <./Logo FSM.png>]) (./chapters/01-validation.tex) (./chapters/02-dedication.tex) (./chapters/03-acknowledgments.tex
pdfTeX warning (ext4): destination with the same identifier (name{page.i}) has been already used, duplicate ignored
<to be read again> 
                   \relax 
l.1 \chapter
            *{Acknowledgments} [1

]) [2

] (./main.toc [3]

Package fancyhdr Warning: \headheight is too small (12.0pt): 
(fancyhdr)                Make it at least 14.49998pt, for example:
(fancyhdr)                \setlength{\headheight}{14.49998pt}.
(fancyhdr)                You might also make \topmargin smaller:
(fancyhdr)                \addtolength{\topmargin}{-2.49998pt}.

[4])
\tf@toc=\write4
\openout4 = `main.toc'.



Package fancyhdr Warning: \headheight is too small (12.0pt): 
(fancyhdr)                Make it at least 14.49998pt, for example:
(fancyhdr)                \setlength{\headheight}{14.49998pt}.
(fancyhdr)                You might also make \topmargin smaller:
(fancyhdr)                \addtolength{\topmargin}{-2.49998pt}.

[5] (./main.lof [6])
\tf@lof=\write5
\openout5 = `main.lof'.



Package fancyhdr Warning: \headheight is too small (12.0pt): 
(fancyhdr)                Make it at least 14.49998pt, for example:
(fancyhdr)                \setlength{\headheight}{14.49998pt}.
(fancyhdr)                You might also make \topmargin smaller:
(fancyhdr)                \addtolength{\topmargin}{-2.49998pt}.

[7] (./main.lot)
\tf@lot=\write6
\openout6 = `main.lot'.

 [8] (./chapters/04-abbreviations.tex
Overfull \hbox (9.77359pt too wide) in alignment at lines 4--46
 [] [] 
 []

) [9

] (./chapters/05-introduction.tex
Overfull \hbox (3.56776pt too wide) in paragraph at lines 21--22
[]\OT1/cmr/bx/n/12 General Con-clu-sion: \OT1/cmr/m/n/12 Fi-nally, we con-clude with a gen-eral sum-mary that presents
 []

) (./chapters/06-chapter1.tex [1

]
Chapter 1.

Package hyperref Warning: Token not allowed in a PDF string (Unicode):
(hyperref)                removing `\<let>-command' on input line 1.


Package hyperref Warning: Token not allowed in a PDF string (Unicode):
(hyperref)                removing `\\' on input line 1.


Package hyperref Warning: Token not allowed in a PDF string (Unicode):
(hyperref)                removing `\@centercr' on input line 1.


Package hyperref Warning: Token not allowed in a PDF string (Unicode):
(hyperref)                removing `\rightskip' on input line 1.


Package hyperref Warning: Token not allowed in a PDF string (Unicode):
(hyperref)                removing `\@flushglue' on input line 1.


Package hyperref Warning: Token not allowed in a PDF string (Unicode):
(hyperref)                removing `\leftskip' on input line 1.


Package hyperref Warning: Token not allowed in a PDF string (Unicode):
(hyperref)                removing `\@flushglue' on input line 1.


Package hyperref Warning: Token not allowed in a PDF string (Unicode):
(hyperref)                removing `\finalhyphendemerits' on input line 1.


Package hyperref Warning: Token not allowed in a PDF string (Unicode):
(hyperref)                removing `\z@' on input line 1.


Package hyperref Warning: Token not allowed in a PDF string (Unicode):
(hyperref)                removing `\parindent' on input line 1.


Package hyperref Warning: Token not allowed in a PDF string (Unicode):
(hyperref)                removing `\z@' on input line 1.


Package hyperref Warning: Token not allowed in a PDF string (Unicode):
(hyperref)                removing `\parfillskip' on input line 1.


Package hyperref Warning: Token not allowed in a PDF string (Unicode):
(hyperref)                removing `\z@skip' on input line 1.


Overfull \hbox (24.55794pt too wide) in paragraph at lines 1--1
|\OT1/cmr/bx/n/24.88 General con-text and pre-lim-i-nary study| 
 []

<pictures/logo (1).png, id=533, 301.125pt x 130.4875pt>
File: pictures/logo (1).png Graphic file (type png)
<use pictures/logo (1).png>
Package pdftex.def Info: pictures/logo (1).png  used on input line 20.
(pdftex.def)             Requested size: 170.71652pt x 73.98042pt.
[2

 <./pictures/logo (1).png>]

Package fancyhdr Warning: \headheight is too small (12.0pt): 
(fancyhdr)                Make it at least 14.49998pt, for example:
(fancyhdr)                \setlength{\headheight}{14.49998pt}.
(fancyhdr)                You might also make \topmargin smaller:
(fancyhdr)                \addtolength{\topmargin}{-2.49998pt}.

[3]
<pictures/SMOFT-LOGO.png, id=551, 225.84375pt x 225.84375pt>
File: pictures/SMOFT-LOGO.png Graphic file (type png)
<use pictures/SMOFT-LOGO.png>
Package pdftex.def Info: pictures/SMOFT-LOGO.png  used on input line 97.
(pdftex.def)             Requested size: 113.81102pt x 113.81412pt.
<pictures/smoft-dashboard.png, id=554, 1444.64719pt x 744.53156pt>
File: pictures/smoft-dashboard.png Graphic file (type png)
<use pictures/smoft-dashboard.png>
Package pdftex.def Info: pictures/smoft-dashboard.png  used on input line 104.
(pdftex.def)             Requested size: 341.43306pt x 175.96468pt.


LaTeX Warning: `h' float specifier changed to `ht'.


Package fancyhdr Warning: \headheight is too small (12.0pt): 
(fancyhdr)                Make it at least 14.49998pt, for example:
(fancyhdr)                \setlength{\headheight}{14.49998pt}.
(fancyhdr)                You might also make \topmargin smaller:
(fancyhdr)                \addtolength{\topmargin}{-2.49998pt}.

[4 <./pictures/SMOFT-LOGO.png>]
<pictures/SAP DigitalManufacturing Logo.jpg, id=562, 803.0pt x 803.0pt>
File: pictures/SAP DigitalManufacturing Logo.jpg Graphic file (type jpg)
<use pictures/SAP DigitalManufacturing Logo.jpg>
Package pdftex.def Info: pictures/SAP DigitalManufacturing Logo.jpg  used on input line 126.
(pdftex.def)             Requested size: 113.81102pt x 113.80379pt.
<pictures/sap-dashboard.png, id=565, 886.31125pt x 341.275pt>
File: pictures/sap-dashboard.png Graphic file (type png)
<use pictures/sap-dashboard.png>
Package pdftex.def Info: pictures/sap-dashboard.png  used on input line 133.
(pdftex.def)             Requested size: 341.43306pt x 131.47198pt.


Package fancyhdr Warning: \headheight is too small (12.0pt): 
(fancyhdr)                Make it at least 14.49998pt, for example:
(fancyhdr)                \setlength{\headheight}{14.49998pt}.
(fancyhdr)                You might also make \topmargin smaller:
(fancyhdr)                \addtolength{\topmargin}{-2.49998pt}.

[5 <./pictures/smoft-dashboard.png> <./pictures/SAP DigitalManufacturing Logo.jpg>]

Package fancyhdr Warning: \headheight is too small (12.0pt): 
(fancyhdr)                Make it at least 14.49998pt, for example:
(fancyhdr)                \setlength{\headheight}{14.49998pt}.
(fancyhdr)                You might also make \topmargin smaller:
(fancyhdr)                \addtolength{\topmargin}{-2.49998pt}.

[6 <./pictures/sap-dashboard.png>]

Package fancyhdr Warning: \headheight is too small (12.0pt): 
(fancyhdr)                Make it at least 14.49998pt, for example:
(fancyhdr)                \setlength{\headheight}{14.49998pt}.
(fancyhdr)                You might also make \topmargin smaller:
(fancyhdr)                \addtolength{\topmargin}{-2.49998pt}.

[7]
<pictures/Scrum-methodology.jpg, id=585, 1204.5pt x 629.35126pt>
File: pictures/Scrum-methodology.jpg Graphic file (type jpg)
<use pictures/Scrum-methodology.jpg>
Package pdftex.def Info: pictures/Scrum-methodology.jpg  used on input line 215.
(pdftex.def)             Requested size: 341.43306pt x 178.39705pt.


Package fancyhdr Warning: \headheight is too small (12.0pt): 
(fancyhdr)                Make it at least 14.49998pt, for example:
(fancyhdr)                \setlength{\headheight}{14.49998pt}.
(fancyhdr)                You might also make \topmargin smaller:
(fancyhdr)                \addtolength{\topmargin}{-2.49998pt}.

[8 <./pictures/Scrum-methodology.jpg>]) (./chapters/07-chapter2.tex

Package fancyhdr Warning: \headheight is too small (12.0pt): 
(fancyhdr)                Make it at least 14.49998pt, for example:
(fancyhdr)                \setlength{\headheight}{14.49998pt}.
(fancyhdr)                You might also make \topmargin smaller:
(fancyhdr)                \addtolength{\topmargin}{-2.49998pt}.

[9]
Chapter 2.

Overfull \hbox (4.31131pt too wide) in paragraph at lines 1--1
|\OT1/cmr/bx/n/24.88 Analysis and Spec-i-fi-ca-tion of re-quire-
 []

[10

]

Package fancyhdr Warning: \headheight is too small (12.0pt): 
(fancyhdr)                Make it at least 14.49998pt, for example:
(fancyhdr)                \setlength{\headheight}{14.49998pt}.
(fancyhdr)                You might also make \topmargin smaller:
(fancyhdr)                \addtolength{\topmargin}{-2.49998pt}.

[11]

Package fancyhdr Warning: \headheight is too small (12.0pt): 
(fancyhdr)                Make it at least 14.49998pt, for example:
(fancyhdr)                \setlength{\headheight}{14.49998pt}.
(fancyhdr)                You might also make \topmargin smaller:
(fancyhdr)                \addtolength{\topmargin}{-2.49998pt}.

[12]
<pictures/next js logo.png, id=613, 602.25pt x 602.25pt>
File: pictures/next js logo.png Graphic file (type png)
<use pictures/next js logo.png>
Package pdftex.def Info: pictures/next js logo.png  used on input line 151.
(pdftex.def)             Requested size: 61.7422pt x 61.73561pt.
<pictures/Node.js_logo.svg.png, id=615, 1284.8pt x 786.94pt>
File: pictures/Node.js_logo.svg.png Graphic file (type png)
<use pictures/Node.js_logo.svg.png>
Package pdftex.def Info: pictures/Node.js_logo.svg.png  used on input line 153.
(pdftex.def)             Requested size: 61.7422pt x 37.81232pt.
<pictures/Expressjs.png, id=617, 466.74374pt x 141.52875pt>
File: pictures/Expressjs.png Graphic file (type png)
<use pictures/Expressjs.png>
Package pdftex.def Info: pictures/Expressjs.png  used on input line 155.
(pdftex.def)             Requested size: 61.7422pt x 18.72115pt.
<pictures/PostgreSQL-Logo.png, id=619, 3854.4pt x 2409.0pt>
File: pictures/PostgreSQL-Logo.png Graphic file (type png)
<use pictures/PostgreSQL-Logo.png>
Package pdftex.def Info: pictures/PostgreSQL-Logo.png  used on input line 157.
(pdftex.def)             Requested size: 61.7422pt x 38.55948pt.
<pictures/prisma-logo.png, id=621, 416.30531pt x 417.81094pt>
File: pictures/prisma-logo.png Graphic file (type png)
<use pictures/prisma-logo.png>
Package pdftex.def Info: pictures/prisma-logo.png  used on input line 159.
(pdftex.def)             Requested size: 61.7422pt x 61.96127pt.
<pictures/socket io-logo.png, id=623, 319.1925pt x 159.59625pt>
File: pictures/socket io-logo.png Graphic file (type png)
<use pictures/socket io-logo.png>
Package pdftex.def Info: pictures/socket io-logo.png  used on input line 161.
(pdftex.def)             Requested size: 61.7422pt x 30.86908pt.
<pictures/vscode-logo.png, id=625, 315.1775pt x 161.60374pt>
File: pictures/vscode-logo.png Graphic file (type png)
<use pictures/vscode-logo.png>
Package pdftex.def Info: pictures/vscode-logo.png  used on input line 163.
(pdftex.def)             Requested size: 61.7422pt x 31.65685pt.
<pictures/Diagrams.net_Logo.svg.png, id=627, 963.6pt x 963.6pt>
File: pictures/Diagrams.net_Logo.svg.png Graphic file (type png)
<use pictures/Diagrams.net_Logo.svg.png>
Package pdftex.def Info: pictures/Diagrams.net_Logo.svg.png  used on input line 165.
(pdftex.def)             Requested size: 61.7422pt x 61.73929pt.
<pictures/Latex logo.png, id=629, 886.06032pt x 364.36125pt>
File: pictures/Latex logo.png Graphic file (type png)
<use pictures/Latex logo.png>
Package pdftex.def Info: pictures/Latex logo.png  used on input line 167.
(pdftex.def)             Requested size: 61.7422pt x 25.38557pt.

ignored: Infinite glue shrinkage found in box being split

Package fancyhdr Warning: \headheight is too small (12.0pt): 
(fancyhdr)                Make it at least 14.49998pt, for example:
(fancyhdr)                \setlength{\headheight}{14.49998pt}.
(fancyhdr)                You might also make \topmargin smaller:
(fancyhdr)                \addtolength{\topmargin}{-2.49998pt}.

[13 <./pictures/next js logo.png (PNG copy)> <./pictures/Node.js_logo.svg.png> <./pictures/Expressjs.png> <./pictures/PostgreSQL-Logo.png>]
<pictures/use caseFinal.drawio.png, id=643, 1009.7725pt x 1045.9075pt>
File: pictures/use caseFinal.drawio.png Graphic file (type png)
<use pictures/use caseFinal.drawio.png>
Package pdftex.def Info: pictures/use caseFinal.drawio.png  used on input line 177.
(pdftex.def)             Requested size: 441.01773pt x 456.8014pt.


Package fancyhdr Warning: \headheight is too small (12.0pt): 
(fancyhdr)                Make it at least 14.49998pt, for example:
(fancyhdr)                \setlength{\headheight}{14.49998pt}.
(fancyhdr)                You might also make \topmargin smaller:
(fancyhdr)                \addtolength{\topmargin}{-2.49998pt}.

[14 <./pictures/prisma-logo.png> <./pictures/socket io-logo.png> <./pictures/vscode-logo.png> <./pictures/Diagrams.net_Logo.svg.png> <./pictures/Latex logo.png>]
<pictures/Class Diagram2.drawio.png, id=659, 1884.03876pt x 1200.485pt>
File: pictures/Class Diagram2.drawio.png Graphic file (type png)
<use pictures/Class Diagram2.drawio.png>
Package pdftex.def Info: pictures/Class Diagram2.drawio.png  used on input line 186.
(pdftex.def)             Requested size: 667.64177pt x 425.41496pt.


Package fancyhdr Warning: \headheight is too small (12.0pt): 
(fancyhdr)                Make it at least 14.49998pt, for example:
(fancyhdr)                \setlength{\headheight}{14.49998pt}.
(fancyhdr)                You might also make \topmargin smaller:
(fancyhdr)                \addtolength{\topmargin}{-2.49998pt}.

[15 <./pictures/use caseFinal.drawio.png>]

Package fancyhdr Warning: \headheight is too small (12.0pt): 
(fancyhdr)                Make it at least 14.49998pt, for example:
(fancyhdr)                \setlength{\headheight}{14.49998pt}.
(fancyhdr)                You might also make \topmargin smaller:
(fancyhdr)                \addtolength{\topmargin}{-2.49998pt}.

[16 <./pictures/Class Diagram2.drawio.png>]
Overfull \hbox (23.53993pt too wide) in alignment at lines 194--199
 [] [] [] [] 
 []


Overfull \hbox (23.53993pt too wide) in alignment at lines 199--204
 [] [] [] [] 
 []


Overfull \hbox (23.53993pt too wide) in alignment at lines 204--207
 [] [] [] [] 
 []


Underfull \hbox (badness 10000) in paragraph at lines 226--226
[]|\OT1/cmr/m/n/10 Work Or-der Sta-tus
 []


Overfull \hbox (23.53993pt too wide) in alignment at lines 207--256
 [] [] [] [] 
 []


ignored: Infinite glue shrinkage found in box being split

Package fancyhdr Warning: \headheight is too small (12.0pt): 
(fancyhdr)                Make it at least 14.49998pt, for example:
(fancyhdr)                \setlength{\headheight}{14.49998pt}.
(fancyhdr)                You might also make \topmargin smaller:
(fancyhdr)                \addtolength{\topmargin}{-2.49998pt}.

[17]
Underfull \hbox (badness 2951) in paragraph at lines 272--272
[]|\OT1/cmr/m/n/12 Foundation and Ac-cess
 []


Underfull \hbox (badness 10000) in paragraph at lines 280--280
[]|\OT1/cmr/m/n/12 Real-Time Chat, QR
 []


Package fancyhdr Warning: \headheight is too small (12.0pt): 
(fancyhdr)                Make it at least 14.49998pt, for example:
(fancyhdr)                \setlength{\headheight}{14.49998pt}.
(fancyhdr)                You might also make \topmargin smaller:
(fancyhdr)                \addtolength{\topmargin}{-2.49998pt}.

[18]) (./chapters/08-chapter3.tex

Package fancyhdr Warning: \headheight is too small (12.0pt): 
(fancyhdr)                Make it at least 14.49998pt, for example:
(fancyhdr)                \setlength{\headheight}{14.49998pt}.
(fancyhdr)                You might also make \topmargin smaller:
(fancyhdr)                \addtolength{\topmargin}{-2.49998pt}.

[19]
Chapter 3.

Overfull \hbox (2.32446pt too wide) in alignment at lines 16--21
 [] [] [] 
 []


Overfull \hbox (2.32446pt too wide) in alignment at lines 21--25
 [] [] [] 
 []


Overfull \hbox (2.32446pt too wide) in alignment at lines 25--27
 [] [] [] 
 []


Overfull \hbox (2.32446pt too wide) in alignment at lines 27--36
 [] [] [] 
 []

<pictures/sprint1 use case diagarm.drawio.png, id=687, 793.96625pt x 362.35374pt>
File: pictures/sprint1 use case diagarm.drawio.png Graphic file (type png)
<use pictures/sprint1 use case diagarm.drawio.png>
Package pdftex.def Info: pictures/sprint1 use case diagarm.drawio.png  used on input line 43.
(pdftex.def)             Requested size: 441.01773pt x 201.2801pt.
[20

]
<pictures/jwt authentication sequence diagram.drawio.png, id=694, 1324.95pt x 1258.7025pt>
File: pictures/jwt authentication sequence diagram.drawio.png Graphic file (type png)
<use pictures/jwt authentication sequence diagram.drawio.png>
Package pdftex.def Info: pictures/jwt authentication sequence diagram.drawio.png  used on input line 56.
(pdftex.def)             Requested size: 441.01773pt x 418.96468pt.


Package fancyhdr Warning: \headheight is too small (12.0pt): 
(fancyhdr)                Make it at least 14.49998pt, for example:
(fancyhdr)                \setlength{\headheight}{14.49998pt}.
(fancyhdr)                You might also make \topmargin smaller:
(fancyhdr)                \addtolength{\topmargin}{-2.49998pt}.

[21 <./pictures/sprint1 use case diagarm.drawio.png>]
<pictures/login-interface.png, id=705, 1444.64719pt x 743.77875pt>
File: pictures/login-interface.png Graphic file (type png)
<use pictures/login-interface.png>
Package pdftex.def Info: pictures/login-interface.png  used on input line 69.
(pdftex.def)             Requested size: 441.01773pt x 227.0508pt.
<pictures/user managment interface.png, id=706, 1444.64719pt x 743.77875pt>
File: pictures/user managment interface.png Graphic file (type png)
<use pictures/user managment interface.png>
Package pdftex.def Info: pictures/user managment interface.png  used on input line 78.
(pdftex.def)             Requested size: 211.68661pt x 108.98573pt.
<pictures/user creation modal.png, id=707, 1444.64719pt x 746.03719pt>
File: pictures/user creation modal.png Graphic file (type png)
<use pictures/user creation modal.png>
Package pdftex.def Info: pictures/user creation modal.png  used on input line 85.
(pdftex.def)             Requested size: 211.68661pt x 109.31667pt.


Package fancyhdr Warning: \headheight is too small (12.0pt): 
(fancyhdr)                Make it at least 14.49998pt, for example:
(fancyhdr)                \setlength{\headheight}{14.49998pt}.
(fancyhdr)                You might also make \topmargin smaller:
(fancyhdr)                \addtolength{\topmargin}{-2.49998pt}.

[22 <./pictures/jwt authentication sequence diagram.drawio.png>]
Overfull \hbox (2.32446pt too wide) in alignment at lines 100--105
 [] [] [] 
 []


Overfull \hbox (2.32446pt too wide) in alignment at lines 105--109
 [] [] [] 
 []


Overfull \hbox (2.32446pt too wide) in alignment at lines 109--112
 [] [] [] 
 []


Underfull \hbox (badness 1127) in paragraph at lines 114--115
\OT1/cmr/m/n/12 Add val-i-da-tion and er-ror
 []


Underfull \hbox (badness 4595) in paragraph at lines 116--117
[]|\OT1/cmr/m/n/12 Create as-sign-ment work-
 []


Underfull \hbox (badness 1052) in paragraph at lines 118--119
[]|\OT1/cmr/m/n/12 Build sta-tus up-date end-
 []


Overfull \hbox (2.32446pt too wide) in alignment at lines 112--120
 [] [] [] 
 []


ignored: Infinite glue shrinkage found in box being split

Package fancyhdr Warning: \headheight is too small (12.0pt): 
(fancyhdr)                Make it at least 14.49998pt, for example:
(fancyhdr)                \setlength{\headheight}{14.49998pt}.
(fancyhdr)                You might also make \topmargin smaller:
(fancyhdr)                \addtolength{\topmargin}{-2.49998pt}.

[23 <./pictures/login-interface.png> <./pictures/user managment interface.png> <./pictures/user creation modal.png>]
<pictures/Sprint2 use case diagram.drawio.png, id=722, 914.41624pt x 462.72874pt>
File: pictures/Sprint2 use case diagram.drawio.png Graphic file (type png)
<use pictures/Sprint2 use case diagram.drawio.png>
Package pdftex.def Info: pictures/Sprint2 use case diagram.drawio.png  used on input line 127.
(pdftex.def)             Requested size: 441.01773pt x 223.16637pt.
<pictures/Work order stage_progress update.drawio.png, id=724, 1614.03pt x 957.5775pt>
File: pictures/Work order stage_progress update.drawio.png Graphic file (type png)
<use pictures/Work order stage_progress update.drawio.png>
Package pdftex.def Info: pictures/Work order stage_progress update.drawio.png  used on input line 137.
(pdftex.def)             Requested size: 667.64177pt x 396.10146pt.
<pictures/Workorder managment interface.png, id=728, 1444.64719pt x 745.28438pt>
File: pictures/Workorder managment interface.png Graphic file (type png)
<use pictures/Workorder managment interface.png>
Package pdftex.def Info: pictures/Workorder managment interface.png  used on input line 149.
(pdftex.def)             Requested size: 441.01773pt x 227.5104pt.


Package fancyhdr Warning: \headheight is too small (12.0pt): 
(fancyhdr)                Make it at least 14.49998pt, for example:
(fancyhdr)                \setlength{\headheight}{14.49998pt}.
(fancyhdr)                You might also make \topmargin smaller:
(fancyhdr)                \addtolength{\topmargin}{-2.49998pt}.

[24 <./pictures/Sprint2 use case diagram.drawio.png>]

Package fancyhdr Warning: \headheight is too small (12.0pt): 
(fancyhdr)                Make it at least 14.49998pt, for example:
(fancyhdr)                \setlength{\headheight}{14.49998pt}.
(fancyhdr)                You might also make \topmargin smaller:
(fancyhdr)                \addtolength{\topmargin}{-2.49998pt}.

[25 <./pictures/Work order stage_progress update.drawio.png>]
<pictures/production stages admin view.png, id=739, 1444.64719pt x 748.29562pt>
File: pictures/production stages admin view.png Graphic file (type png)
<use pictures/production stages admin view.png>
Package pdftex.def Info: pictures/production stages admin view.png  used on input line 159.
(pdftex.def)             Requested size: 211.68661pt x 109.6476pt.
<pictures/worker tasks view.png, id=740, 1443.14156pt x 746.79pt>
File: pictures/worker tasks view.png Graphic file (type png)
<use pictures/worker tasks view.png>
Package pdftex.def Info: pictures/worker tasks view.png  used on input line 166.
(pdftex.def)             Requested size: 211.68661pt x 109.54092pt.

Overfull \hbox (2.32446pt too wide) in alignment at lines 179--183
 [] [] [] 
 []


Overfull \hbox (2.32446pt too wide) in alignment at lines 183--187
 [] [] [] 
 []


Overfull \hbox (2.32446pt too wide) in alignment at lines 187--189
 [] [] [] 
 []


Overfull \hbox (2.32446pt too wide) in alignment at lines 189--197
 [] [] [] 
 []


Package fancyhdr Warning: \headheight is too small (12.0pt): 
(fancyhdr)                Make it at least 14.49998pt, for example:
(fancyhdr)                \setlength{\headheight}{14.49998pt}.
(fancyhdr)                You might also make \topmargin smaller:
(fancyhdr)                \addtolength{\topmargin}{-2.49998pt}.

[26 <./pictures/Workorder managment interface.png> <./pictures/production stages admin view.png> <./pictures/worker tasks view.png>]
<pictures/sprint3 use case diagram.drawio.png, id=751, 914.41624pt x 512.91624pt>
File: pictures/sprint3 use case diagram.drawio.png Graphic file (type png)
<use pictures/sprint3 use case diagram.drawio.png>
Package pdftex.def Info: pictures/sprint3 use case diagram.drawio.png  used on input line 205.
(pdftex.def)             Requested size: 441.01773pt x 247.37097pt.
<pictures/inventory admin view.png, id=754, 1444.64719pt x 748.29562pt>
File: pictures/inventory admin view.png Graphic file (type png)
<use pictures/inventory admin view.png>
Package pdftex.def Info: pictures/inventory admin view.png  used on input line 220.
(pdftex.def)             Requested size: 211.68661pt x 109.6476pt.
<pictures/inventory reservations admin view.png, id=755, 1444.64719pt x 747.54282pt>
File: pictures/inventory reservations admin view.png Graphic file (type png)
<use pictures/inventory reservations admin view.png>
Package pdftex.def Info: pictures/inventory reservations admin view.png  used on input line 227.
(pdftex.def)             Requested size: 211.68661pt x 109.5373pt.


Package fancyhdr Warning: \headheight is too small (12.0pt): 
(fancyhdr)                Make it at least 14.49998pt, for example:
(fancyhdr)                \setlength{\headheight}{14.49998pt}.
(fancyhdr)                You might also make \topmargin smaller:
(fancyhdr)                \addtolength{\topmargin}{-2.49998pt}.

[27 <./pictures/Sprint3 use case diagram.drawio.png>]
<pictures/inventory worker view.png, id=764, 1444.64719pt x 747.54282pt>
File: pictures/inventory worker view.png Graphic file (type png)
<use pictures/inventory worker view.png>
Package pdftex.def Info: pictures/inventory worker view.png  used on input line 239.
(pdftex.def)             Requested size: 211.68661pt x 109.5373pt.
<pictures/inventory reservations worker view.png, id=765, 1444.64719pt x 748.29562pt>
File: pictures/inventory reservations worker view.png Graphic file (type png)
<use pictures/inventory reservations worker view.png>
Package pdftex.def Info: pictures/inventory reservations worker view.png  used on input line 246.
(pdftex.def)             Requested size: 211.68661pt x 109.6476pt.

Underfull \hbox (badness 4467) in paragraph at lines 247--247
[]\OT1/cmr/m/n/12 Figure 3.15: |In-ven-tory Reser-va-tions
 []

) (./chapters/09-chapter4.tex

Package fancyhdr Warning: \headheight is too small (12.0pt): 
(fancyhdr)                Make it at least 14.49998pt, for example:
(fancyhdr)                \setlength{\headheight}{14.49998pt}.
(fancyhdr)                You might also make \topmargin smaller:
(fancyhdr)                \addtolength{\topmargin}{-2.49998pt}.

[28 <./pictures/inventory admin view.png> <./pictures/inventory reservations admin view.png> <./pictures/inventory worker view.png> <./pictures/inventory reservations worker view.png>]
Chapter 4.

Overfull \hbox (2.32446pt too wide) in alignment at lines 16--21
 [] [] [] 
 []


Overfull \hbox (2.32446pt too wide) in alignment at lines 21--25
 [] [] [] 
 []


Overfull \hbox (2.32446pt too wide) in alignment at lines 25--27
 [] [] [] 
 []


Overfull \hbox (2.32446pt too wide) in alignment at lines 27--36
 [] [] [] 
 []

<pictures/Sprint 4 UC Diagram.drawio.png, id=776, 763.85374pt x 512.91624pt>
File: pictures/Sprint 4 UC Diagram.drawio.png Graphic file (type png)
<use pictures/Sprint 4 UC Diagram.drawio.png>
Package pdftex.def Info: pictures/Sprint 4 UC Diagram.drawio.png  used on input line 44.
(pdftex.def)             Requested size: 441.01773pt x 296.13765pt.
[29

]
<pictures/Real-time chat message flow.drawio.png, id=782, 1890.06125pt x 1623.06375pt>
File: pictures/Real-time chat message flow.drawio.png Graphic file (type png)
<use pictures/Real-time chat message flow.drawio.png>
Package pdftex.def Info: pictures/Real-time chat message flow.drawio.png  used on input line 54.
(pdftex.def)             Requested size: 562.2286pt x 482.81174pt.
<pictures/note managment worker view.png, id=785, 1444.64719pt x 748.29562pt>
File: pictures/note managment worker view.png Graphic file (type png)
<use pictures/note managment worker view.png>
Package pdftex.def Info: pictures/note managment worker view.png  used on input line 68.
(pdftex.def)             Requested size: 211.68661pt x 109.6476pt.
<pictures/notes history admin view.png, id=786, 1444.64719pt x 745.28438pt>
File: pictures/notes history admin view.png Graphic file (type png)
<use pictures/notes history admin view.png>
Package pdftex.def Info: pictures/notes history admin view.png  used on input line 75.
(pdftex.def)             Requested size: 211.68661pt x 109.20636pt.


Package fancyhdr Warning: \headheight is too small (12.0pt): 
(fancyhdr)                Make it at least 14.49998pt, for example:
(fancyhdr)                \setlength{\headheight}{14.49998pt}.
(fancyhdr)                You might also make \topmargin smaller:
(fancyhdr)                \addtolength{\topmargin}{-2.49998pt}.

[30 <./pictures/Sprint 4 UC Diagram.drawio.png>]

Package fancyhdr Warning: \headheight is too small (12.0pt): 
(fancyhdr)                Make it at least 14.49998pt, for example:
(fancyhdr)                \setlength{\headheight}{14.49998pt}.
(fancyhdr)                You might also make \topmargin smaller:
(fancyhdr)                \addtolength{\topmargin}{-2.49998pt}.

[31 <./pictures/Real-time chat message flow.drawio.png>]
<pictures/chat messaging interface worker view.png, id=799, 1444.64719pt x 746.79pt>
File: pictures/chat messaging interface worker view.png Graphic file (type png)
<use pictures/chat messaging interface worker view.png>
Package pdftex.def Info: pictures/chat messaging interface worker view.png  used on input line 88.
(pdftex.def)             Requested size: 211.68661pt x 109.42697pt.
<pictures/chat messaging admin view.png, id=800, 1444.64719pt x 747.54282pt>
File: pictures/chat messaging admin view.png Graphic file (type png)
<use pictures/chat messaging admin view.png>
Package pdftex.def Info: pictures/chat messaging admin view.png  used on input line 95.
(pdftex.def)             Requested size: 211.68661pt x 109.5373pt.
<pictures/notification center.png, id=802, 1444.64719pt x 744.53156pt>
File: pictures/notification center.png Graphic file (type png)
<use pictures/notification center.png>
Package pdftex.def Info: pictures/notification center.png  used on input line 106.
(pdftex.def)             Requested size: 211.68661pt x 109.09605pt.

Overfull \hbox (2.32446pt too wide) in alignment at lines 119--124
 [] [] [] 
 []


Overfull \hbox (2.32446pt too wide) in alignment at lines 124--128
 [] [] [] 
 []


Overfull \hbox (2.32446pt too wide) in alignment at lines 128--130
 [] [] [] 
 []


Overfull \hbox (2.32446pt too wide) in alignment at lines 130--139
 [] [] [] 
 []


Package fancyhdr Warning: \headheight is too small (12.0pt): 
(fancyhdr)                Make it at least 14.49998pt, for example:
(fancyhdr)                \setlength{\headheight}{14.49998pt}.
(fancyhdr)                You might also make \topmargin smaller:
(fancyhdr)                \addtolength{\topmargin}{-2.49998pt}.

[32 <./pictures/note managment worker view.png> <./pictures/notes history admin view.png> <./pictures/chat messaging interface worker view.png> <./pictures/chat messaging admin view.png> <./pictures/notification center.png>]
<pictures/Sprint 5 UC Diagram.drawio.png, id=814, 763.85374pt x 422.57875pt>
File: pictures/Sprint 5 UC Diagram.drawio.png Graphic file (type png)
<use pictures/Sprint 5 UC Diagram.drawio.png>
Package pdftex.def Info: pictures/Sprint 5 UC Diagram.drawio.png  used on input line 150.
(pdftex.def)             Requested size: 352.81061pt x 195.18169pt.
<pictures/AI report sequence diagram.drawio.png, id=816, 1318.9275pt x 1033.8625pt>
File: pictures/AI report sequence diagram.drawio.png Graphic file (type png)
<use pictures/AI report sequence diagram.drawio.png>
Package pdftex.def Info: pictures/AI report sequence diagram.drawio.png  used on input line 164.
(pdftex.def)             Requested size: 441.02335pt x 345.70323pt.


Package fancyhdr Warning: \headheight is too small (12.0pt): 
(fancyhdr)                Make it at least 14.49998pt, for example:
(fancyhdr)                \setlength{\headheight}{14.49998pt}.
(fancyhdr)                You might also make \topmargin smaller:
(fancyhdr)                \addtolength{\topmargin}{-2.49998pt}.

[33 <./pictures/Sprint 5 UC diagram.drawio.png>]
<pictures/workorder detailes interface with QR code.png, id=825, 1444.64719pt x 749.04843pt>
File: pictures/workorder detailes interface with QR code.png Graphic file (type png)
<use pictures/workorder detailes interface with QR code.png>
Package pdftex.def Info: pictures/workorder detailes interface with QR code.png  used on input line 177.
(pdftex.def)             Requested size: 211.68661pt x 109.7579pt.
<pictures/Qr code scanner interface.png, id=826, 1444.64719pt x 745.28438pt>
File: pictures/Qr code scanner interface.png Graphic file (type png)
<use pictures/Qr code scanner interface.png>
Package pdftex.def Info: pictures/Qr code scanner interface.png  used on input line 184.
(pdftex.def)             Requested size: 211.68661pt x 109.20636pt.


Package fancyhdr Warning: \headheight is too small (12.0pt): 
(fancyhdr)                Make it at least 14.49998pt, for example:
(fancyhdr)                \setlength{\headheight}{14.49998pt}.
(fancyhdr)                You might also make \topmargin smaller:
(fancyhdr)                \addtolength{\topmargin}{-2.49998pt}.

[34 <./pictures/AI report sequence diagram.drawio.png>]
<pictures/Ai report interface.png, id=834, 1444.64719pt x 746.79pt>
File: pictures/Ai report interface.png Graphic file (type png)
<use pictures/Ai report interface.png>
Package pdftex.def Info: pictures/Ai report interface.png  used on input line 196.
(pdftex.def)             Requested size: 211.68661pt x 109.42697pt.
<pictures/analytics Dashboard.png, id=835, 1443.89438pt x 747.54282pt>
File: pictures/analytics Dashboard.png Graphic file (type png)
<use pictures/analytics Dashboard.png>
Package pdftex.def Info: pictures/analytics Dashboard.png  used on input line 203.
(pdftex.def)             Requested size: 211.68661pt x 109.59431pt.
) (./chapters/11-conclusion.tex

Package fancyhdr Warning: \headheight is too small (12.0pt): 
(fancyhdr)                Make it at least 14.49998pt, for example:
(fancyhdr)                \setlength{\headheight}{14.49998pt}.
(fancyhdr)                You might also make \topmargin smaller:
(fancyhdr)                \addtolength{\topmargin}{-2.49998pt}.

[35 <./pictures/workorder detailes interface with QR code.png> <./pictures/Qr code scanner interface.png> <./pictures/Ai report interface.png> <./pictures/analytics Dashboard.png>]) [36

] (./chapters/12-references.tex
Overfull \hbox (157.47952pt too wide) in paragraph at lines 32--34
[]\OT1/cmr/bx/n/12 The Scrum Pro-cess [][]$\OT1/cmtt/m/n/12 https : / / www . pm-[]partners . com . au / insights / the-[]agile-[]journey-[]a-[]scrum-[]overview/$[][] 
 []


Overfull \hbox (3.51631pt too wide) in paragraph at lines 47--49
[]\OT1/cmr/bx/n/12 Prisma ORM Doc-u-men-ta-tion\OT1/cmr/m/n/12 . [][]$\OT1/cmtt/m/n/12 https : / / www . prisma . io / docs / orm / overview /
 []


Overfull \hbox (6.72607pt too wide) in paragraph at lines 56--58
[]\OT1/cmr/bx/n/12 diagrams.net Doc-u-men-ta-tion - wikipedia\OT1/cmr/m/n/12 . [][]$\OT1/cmtt/m/n/12 https : / / en . wikipedia . org / wiki /
 []


Overfull \hbox (1.70839pt too wide) in paragraph at lines 62--64
[]\OT1/cmr/bx/n/12 JSON Web To-ken (JWT)\OT1/cmr/m/n/12 . [][]$\OT1/cmtt/m/n/12 https : / / en . wikipedia . org / wiki / JSON _ Web _ Token$[][] 
 []

) [37

] (./main.aux)
 ***********
LaTeX2e <2025-11-01>
L3 programming layer <2026-03-20>
 ***********
Package rerunfilecheck Info: File `main.out' has not changed.
(rerunfilecheck)             Checksum: F6B0D0090D1D903E45975BA3227C2750;13939.
 ) 
Here is how much of TeX's memory you used:
 17207 strings out of 467349
 280319 string characters out of 5419862
 734881 words of memory out of 5000000
 45853 multiletter control sequences out of 15000+600000
 637848 words of font info for 77 fonts, out of 8000000 for 9000
 1141 hyphenation exceptions out of 8191
 75i,13n,79p,796b,627s stack positions out of 10000i,1000n,20000p,200000b,200000s
<c:/texlive/2026/texmf-dist/fonts/type1/public/amsfonts/cm/cmbx10.pfb><c:/texlive/2026/texmf-dist/fonts/type1/public/amsfonts/cm/cmbx12.pfb><c:/texlive/2026/texmf-dist/fonts/type1/public/amsfonts/cm/cmr10.pfb><c:/texlive/2026/texmf-dist/fonts/type1/public/amsfonts/cm/cmr12.pfb><c:/texlive/2026/texmf-dist/fonts/type1/public/amsfonts/cm/cmti12.pfb><c:/texlive/2026/texmf-dist/fonts/type1/public/amsfonts/cm/cmtt12.pfb><c:/texlive/2026/texmf-dist/fonts/type1/public/cm-super/sfrm1095.pfb><c:/texlive/2026/texmf-dist/fonts/type1/public/cm-super/sfrm1200.pfb>
Output written on main.pdf (47 pages, 5268553 bytes).
PDF statistics:
 958 PDF objects out of 1000 (max. 8388607)
 791 compressed objects within 8 object streams
 181 named destinations out of 1000 (max. 500000)
 823 words of extra memory for PDF output out of 10000 (max. 10000000)

